render pod annotations:
  1: |
    checksum/config: e7e3e6a88c97b73fc5b8a1dea17f2586b5c2d05bc01628c963925c77fc3602b8
    fixed-annotation: some-fixed-annotation
    templated-annotations: my-release
